// Jest Snapshot v1, https://goo.gl/fbAQLP

exports[`Button Component should match the snapshot 1`] = `
<DocumentFragment>
  <button
    id="mockButton"
  >
    Click me
  </button>
</DocumentFragment>
`;

exports[`Button Component should match the snapshot 2`] = `
<DocumentFragment>
  <button
    id="mockButton"
  >
    Click me
  </button>
</DocumentFragment>
`;
